posix "" n="." d="." b="" e="" a=false
posix "." n="." d="." b="." e="" a=false
posix ".." n=".." d="." b=".." e="" a=false
posix "..." n="..." d="." b="..." e="." a=false
posix "a" n="a" d="." b="a" e="" a=false
posix "a.txt" n="a.txt" d="." b="a.txt" e=".txt" a=false
posix ".hidden" n=".hidden" d="." b=".hidden" e="" a=false
posix "a.." n="a.." d="." b="a.." e="." a=false
posix "a.b.c" n="a.b.c" d="." b="a.b.c" e=".c" a=false
posix "C:" n="C:" d="." b="C:" e="" a=false
posix "C:\\" n="C:\\" d="." b="C:\\" e="" a=false
posix "C:x" n="C:x" d="." b="C:x" e="" a=false
posix "\\" n="\\" d="." b="\\" e="" a=false
posix "\\\\" n="\\\\" d="." b="\\\\" e="" a=false
posix "/" n="/" d="/" b="" e="" a=true
posix "//" n="/" d="/" b="" e="" a=true
posix "\\\\srv\\share" n="\\\\srv\\share" d="." b="\\\\srv\\share" e="" a=false
posix "\\\\srv\\share\\d" n="\\\\srv\\share\\d" d="." b="\\\\srv\\share\\d" e="" a=false
posix "/usr/local" n="/usr/local" d="/usr" b="local" e="" a=true
posix "usr" n="usr" d="." b="usr" e="" a=false
posix "a/b" n="a/b" d="a" b="b" e="" a=false
posix "a\\b" n="a\\b" d="." b="a\\b" e="" a=false
posix "a//b" n="a/b" d="a/" b="b" e="" a=false
posix "a\\\\b" n="a\\\\b" d="." b="a\\\\b" e="" a=false
posix "  " n="  " d="." b="  " e="" a=false
posix "a b" n="a b" d="." b="a b" e="" a=false
posix "./x" n="x" d="." b="x" e="" a=false
posix "../y" n="../y" d=".." b="y" e="" a=false
posix "/a/../b" n="/b" d="/a/.." b="b" e="" a=true
posix "C:\\a\\..\\b" n="C:\\a\\..\\b" d="." b="C:\\a\\..\\b" e=".\\b" a=false
posix "x/" n="x/" d="." b="x" e="" a=false
posix "x\\" n="x\\" d="." b="x\\" e="" a=false
posix join "" "x" -> "x"
posix join "" ".." -> ".."
posix join "" "/y" -> "/y"
posix join "" "C:\\z" -> "C:\\z"
posix join "" "" -> "."
posix join "." "x" -> "x"
posix join "." ".." -> ".."
posix join "." "/y" -> "y"
posix join "." "C:\\z" -> "C:\\z"
posix join "." "" -> "."
posix join ".." "x" -> "../x"
posix join ".." ".." -> "../.."
posix join ".." "/y" -> "../y"
posix join ".." "C:\\z" -> "../C:\\z"
posix join ".." "" -> ".."
posix join "..." "x" -> ".../x"
posix join "..." ".." -> "."
posix join "..." "/y" -> ".../y"
posix join "..." "C:\\z" -> ".../C:\\z"
posix join "..." "" -> "..."
posix join "a" "x" -> "a/x"
posix join "a" ".." -> "."
posix join "a" "/y" -> "a/y"
posix join "a" "C:\\z" -> "a/C:\\z"
posix join "a" "" -> "a"
posix join "a.txt" "x" -> "a.txt/x"
posix join "a.txt" ".." -> "."
posix join "a.txt" "/y" -> "a.txt/y"
posix join "a.txt" "C:\\z" -> "a.txt/C:\\z"
posix join "a.txt" "" -> "a.txt"
posix join ".hidden" "x" -> ".hidden/x"
posix join ".hidden" ".." -> "."
posix join ".hidden" "/y" -> ".hidden/y"
posix join ".hidden" "C:\\z" -> ".hidden/C:\\z"
posix join ".hidden" "" -> ".hidden"
posix join "a.." "x" -> "a../x"
posix join "a.." ".." -> "."
posix join "a.." "/y" -> "a../y"
posix join "a.." "C:\\z" -> "a../C:\\z"
posix join "a.." "" -> "a.."
posix join "a.b.c" "x" -> "a.b.c/x"
posix join "a.b.c" ".." -> "."
posix join "a.b.c" "/y" -> "a.b.c/y"
posix join "a.b.c" "C:\\z" -> "a.b.c/C:\\z"
posix join "a.b.c" "" -> "a.b.c"
posix join "C:" "x" -> "C:/x"
posix join "C:" ".." -> "."
posix join "C:" "/y" -> "C:/y"
posix join "C:" "C:\\z" -> "C:/C:\\z"
posix join "C:" "" -> "C:"
posix join "C:\\" "x" -> "C:\\/x"
posix join "C:\\" ".." -> "."
posix join "C:\\" "/y" -> "C:\\/y"
posix join "C:\\" "C:\\z" -> "C:\\/C:\\z"
posix join "C:\\" "" -> "C:\\"
posix join "C:x" "x" -> "C:x/x"
posix join "C:x" ".." -> "."
posix join "C:x" "/y" -> "C:x/y"
posix join "C:x" "C:\\z" -> "C:x/C:\\z"
posix join "C:x" "" -> "C:x"
posix join "\\" "x" -> "\\/x"
posix join "\\" ".." -> "."
posix join "\\" "/y" -> "\\/y"
posix join "\\" "C:\\z" -> "\\/C:\\z"
posix join "\\" "" -> "\\"
posix join "\\\\" "x" -> "\\\\/x"
posix join "\\\\" ".." -> "."
posix join "\\\\" "/y" -> "\\\\/y"
posix join "\\\\" "C:\\z" -> "\\\\/C:\\z"
posix join "\\\\" "" -> "\\\\"
posix join "/" "x" -> "/x"
posix join "/" ".." -> "/"
posix join "/" "/y" -> "/y"
posix join "/" "C:\\z" -> "/C:\\z"
posix join "/" "" -> "/"
posix join "//" "x" -> "/x"
posix join "//" ".." -> "/"
posix join "//" "/y" -> "/y"
posix join "//" "C:\\z" -> "/C:\\z"
posix join "//" "" -> "/"
posix join "\\\\srv\\share" "x" -> "\\\\srv\\share/x"
posix join "\\\\srv\\share" ".." -> "."
posix join "\\\\srv\\share" "/y" -> "\\\\srv\\share/y"
posix join "\\\\srv\\share" "C:\\z" -> "\\\\srv\\share/C:\\z"
posix join "\\\\srv\\share" "" -> "\\\\srv\\share"
posix join "\\\\srv\\share\\d" "x" -> "\\\\srv\\share\\d/x"
posix join "\\\\srv\\share\\d" ".." -> "."
posix join "\\\\srv\\share\\d" "/y" -> "\\\\srv\\share\\d/y"
posix join "\\\\srv\\share\\d" "C:\\z" -> "\\\\srv\\share\\d/C:\\z"
posix join "\\\\srv\\share\\d" "" -> "\\\\srv\\share\\d"
posix join "/usr/local" "x" -> "/usr/local/x"
posix join "/usr/local" ".." -> "/usr"
posix join "/usr/local" "/y" -> "/usr/local/y"
posix join "/usr/local" "C:\\z" -> "/usr/local/C:\\z"
posix join "/usr/local" "" -> "/usr/local"
posix join "usr" "x" -> "usr/x"
posix join "usr" ".." -> "."
posix join "usr" "/y" -> "usr/y"
posix join "usr" "C:\\z" -> "usr/C:\\z"
posix join "usr" "" -> "usr"
posix join "a/b" "x" -> "a/b/x"
posix join "a/b" ".." -> "a"
posix join "a/b" "/y" -> "a/b/y"
posix join "a/b" "C:\\z" -> "a/b/C:\\z"
posix join "a/b" "" -> "a/b"
posix join "a\\b" "x" -> "a\\b/x"
posix join "a\\b" ".." -> "."
posix join "a\\b" "/y" -> "a\\b/y"
posix join "a\\b" "C:\\z" -> "a\\b/C:\\z"
posix join "a\\b" "" -> "a\\b"
posix join "a//b" "x" -> "a/b/x"
posix join "a//b" ".." -> "a"
posix join "a//b" "/y" -> "a/b/y"
posix join "a//b" "C:\\z" -> "a/b/C:\\z"
posix join "a//b" "" -> "a/b"
posix join "a\\\\b" "x" -> "a\\\\b/x"
posix join "a\\\\b" ".." -> "."
posix join "a\\\\b" "/y" -> "a\\\\b/y"
posix join "a\\\\b" "C:\\z" -> "a\\\\b/C:\\z"
posix join "a\\\\b" "" -> "a\\\\b"
posix join "  " "x" -> "  /x"
posix join "  " ".." -> "."
posix join "  " "/y" -> "  /y"
posix join "  " "C:\\z" -> "  /C:\\z"
posix join "  " "" -> "  "
posix join "a b" "x" -> "a b/x"
posix join "a b" ".." -> "."
posix join "a b" "/y" -> "a b/y"
posix join "a b" "C:\\z" -> "a b/C:\\z"
posix join "a b" "" -> "a b"
posix join "./x" "x" -> "x/x"
posix join "./x" ".." -> "."
posix join "./x" "/y" -> "x/y"
posix join "./x" "C:\\z" -> "x/C:\\z"
posix join "./x" "" -> "x"
posix join "../y" "x" -> "../y/x"
posix join "../y" ".." -> ".."
posix join "../y" "/y" -> "../y/y"
posix join "../y" "C:\\z" -> "../y/C:\\z"
posix join "../y" "" -> "../y"
posix join "/a/../b" "x" -> "/b/x"
posix join "/a/../b" ".." -> "/"
posix join "/a/../b" "/y" -> "/b/y"
posix join "/a/../b" "C:\\z" -> "/b/C:\\z"
posix join "/a/../b" "" -> "/b"
posix join "C:\\a\\..\\b" "x" -> "C:\\a\\..\\b/x"
posix join "C:\\a\\..\\b" ".." -> "."
posix join "C:\\a\\..\\b" "/y" -> "C:\\a\\..\\b/y"
posix join "C:\\a\\..\\b" "C:\\z" -> "C:\\a\\..\\b/C:\\z"
posix join "C:\\a\\..\\b" "" -> "C:\\a\\..\\b"
posix join "x/" "x" -> "x/x"
posix join "x/" ".." -> "."
posix join "x/" "/y" -> "x/y"
posix join "x/" "C:\\z" -> "x/C:\\z"
posix join "x/" "" -> "x/"
posix join "x\\" "x" -> "x\\/x"
posix join "x\\" ".." -> "."
posix join "x\\" "/y" -> "x\\/y"
posix join "x\\" "C:\\z" -> "x\\/C:\\z"
posix join "x\\" "" -> "x\\"
posix relative "/a/b" "/a/b" -> ""
posix relative "/a/b" "/a" -> ".."
posix relative "/a/b" "/" -> "../.."
posix relative "/a/b" "/a/b/c" -> "c"
posix relative "/a/b" "/x/y" -> "../../x/y"
posix relative "/a" "/a/b" -> "b"
posix relative "/a" "/a" -> ""
posix relative "/a" "/" -> ".."
posix relative "/a" "/a/b/c" -> "b/c"
posix relative "/a" "/x/y" -> "../x/y"
posix relative "/" "/a/b" -> "a/b"
posix relative "/" "/a" -> "a"
posix relative "/" "/" -> ""
posix relative "/" "/a/b/c" -> "a/b/c"
posix relative "/" "/x/y" -> "x/y"
posix relative "/a/b/c" "/a/b" -> ".."
posix relative "/a/b/c" "/a" -> "../.."
posix relative "/a/b/c" "/" -> "../../.."
posix relative "/a/b/c" "/a/b/c" -> ""
posix relative "/a/b/c" "/x/y" -> "../../../x/y"
posix relative "/x/y" "/a/b" -> "../../a/b"
posix relative "/x/y" "/a" -> "../../a"
posix relative "/x/y" "/" -> "../.."
posix relative "/x/y" "/a/b/c" -> "../../a/b/c"
posix relative "/x/y" "/x/y" -> ""
posix sep "/" delimiter ":"
win32 "" n="." d="." b="" e="" a=false
win32 "." n="." d="." b="." e="" a=false
win32 ".." n=".." d="." b=".." e="" a=false
win32 "..." n="..." d="." b="..." e="." a=false
win32 "a" n="a" d="." b="a" e="" a=false
win32 "a.txt" n="a.txt" d="." b="a.txt" e=".txt" a=false
win32 ".hidden" n=".hidden" d="." b=".hidden" e="" a=false
win32 "a.." n="a.." d="." b="a.." e="." a=false
win32 "a.b.c" n="a.b.c" d="." b="a.b.c" e=".c" a=false
win32 "C:" n="C:." d="C:" b="" e="" a=false
win32 "C:\\" n="C:\\" d="C:\\" b="" e="" a=true
win32 "C:x" n="C:x" d="C:" b="x" e="" a=false
win32 "\\" n="\\" d="\\" b="" e="" a=true
win32 "\\\\" n="\\" d="\\" b="" e="" a=true
win32 "/" n="\\" d="/" b="" e="" a=true
win32 "//" n="\\" d="/" b="" e="" a=true
win32 "\\\\srv\\share" n="\\\\srv\\share\\" d="\\\\srv\\share" b="share" e="" a=true
win32 "\\\\srv\\share\\d" n="\\\\srv\\share\\d" d="\\\\srv\\share\\" b="d" e="" a=true
win32 "/usr/local" n="\\usr\\local" d="/usr" b="local" e="" a=true
win32 "usr" n="usr" d="." b="usr" e="" a=false
win32 "a/b" n="a\\b" d="a" b="b" e="" a=false
win32 "a\\b" n="a\\b" d="a" b="b" e="" a=false
win32 "a//b" n="a\\b" d="a/" b="b" e="" a=false
win32 "a\\\\b" n="a\\b" d="a\\" b="b" e="" a=false
win32 "  " n="  " d="." b="  " e="" a=false
win32 "a b" n="a b" d="." b="a b" e="" a=false
win32 "./x" n="x" d="." b="x" e="" a=false
win32 "../y" n="..\\y" d=".." b="y" e="" a=false
win32 "/a/../b" n="\\b" d="/a/.." b="b" e="" a=true
win32 "C:\\a\\..\\b" n="C:\\b" d="C:\\a\\.." b="b" e="" a=true
win32 "x/" n="x\\" d="." b="x" e="" a=false
win32 "x\\" n="x\\" d="." b="x" e="" a=false
win32 join "" "x" -> "x"
win32 join "" ".." -> ".."
win32 join "" "/y" -> "\\y"
win32 join "" "C:\\z" -> "C:\\z"
win32 join "" "" -> "."
win32 join "." "x" -> "x"
win32 join "." ".." -> ".."
win32 join "." "/y" -> "y"
win32 join "." "C:\\z" -> ".\\C:\\z"
win32 join "." "" -> "."
win32 join ".." "x" -> "..\\x"
win32 join ".." ".." -> "..\\.."
win32 join ".." "/y" -> "..\\y"
win32 join ".." "C:\\z" -> ".\\..\\C:\\z"
win32 join ".." "" -> ".."
win32 join "..." "x" -> "...\\x"
win32 join "..." ".." -> "."
win32 join "..." "/y" -> "...\\y"
win32 join "..." "C:\\z" -> ".\\...\\C:\\z"
win32 join "..." "" -> "..."
win32 join "a" "x" -> "a\\x"
win32 join "a" ".." -> "."
win32 join "a" "/y" -> "a\\y"
win32 join "a" "C:\\z" -> ".\\a\\C:\\z"
win32 join "a" "" -> "a"
win32 join "a.txt" "x" -> "a.txt\\x"
win32 join "a.txt" ".." -> "."
win32 join "a.txt" "/y" -> "a.txt\\y"
win32 join "a.txt" "C:\\z" -> ".\\a.txt\\C:\\z"
win32 join "a.txt" "" -> "a.txt"
win32 join ".hidden" "x" -> ".hidden\\x"
win32 join ".hidden" ".." -> "."
win32 join ".hidden" "/y" -> ".hidden\\y"
win32 join ".hidden" "C:\\z" -> ".\\.hidden\\C:\\z"
win32 join ".hidden" "" -> ".hidden"
win32 join "a.." "x" -> "a..\\x"
win32 join "a.." ".." -> "."
win32 join "a.." "/y" -> "a..\\y"
win32 join "a.." "C:\\z" -> ".\\a..\\C:\\z"
win32 join "a.." "" -> "a.."
win32 join "a.b.c" "x" -> "a.b.c\\x"
win32 join "a.b.c" ".." -> "."
win32 join "a.b.c" "/y" -> "a.b.c\\y"
win32 join "a.b.c" "C:\\z" -> ".\\a.b.c\\C:\\z"
win32 join "a.b.c" "" -> "a.b.c"
win32 join "C:" "x" -> "C:\\x"
win32 join "C:" ".." -> "C:\\"
win32 join "C:" "/y" -> "C:\\y"
win32 join "C:" "C:\\z" -> "C:\\C:\\z"
win32 join "C:" "" -> "C:."
win32 join "C:\\" "x" -> "C:\\x"
win32 join "C:\\" ".." -> "C:\\"
win32 join "C:\\" "/y" -> "C:\\y"
win32 join "C:\\" "C:\\z" -> "C:\\C:\\z"
win32 join "C:\\" "" -> "C:\\"
win32 join "C:x" "x" -> "C:x\\x"
win32 join "C:x" ".." -> "C:."
win32 join "C:x" "/y" -> "C:x\\y"
win32 join "C:x" "C:\\z" -> "C:x\\C:\\z"
win32 join "C:x" "" -> "C:x"
win32 join "\\" "x" -> "\\x"
win32 join "\\" ".." -> "\\"
win32 join "\\" "/y" -> "\\y"
win32 join "\\" "C:\\z" -> "\\C:\\z"
win32 join "\\" "" -> "\\"
win32 join "\\\\" "x" -> "\\x"
win32 join "\\\\" ".." -> "\\"
win32 join "\\\\" "/y" -> "\\y"
win32 join "\\\\" "C:\\z" -> "\\C:\\z"
win32 join "\\\\" "" -> "\\"
win32 join "/" "x" -> "\\x"
win32 join "/" ".." -> "\\"
win32 join "/" "/y" -> "\\y"
win32 join "/" "C:\\z" -> "\\C:\\z"
win32 join "/" "" -> "\\"
win32 join "//" "x" -> "\\x"
win32 join "//" ".." -> "\\"
win32 join "//" "/y" -> "\\y"
win32 join "//" "C:\\z" -> "\\C:\\z"
win32 join "//" "" -> "\\"
win32 join "\\\\srv\\share" "x" -> "\\\\srv\\share\\x"
win32 join "\\\\srv\\share" ".." -> "\\\\srv\\share\\"
win32 join "\\\\srv\\share" "/y" -> "\\\\srv\\share\\y"
win32 join "\\\\srv\\share" "C:\\z" -> "\\\\srv\\share\\C:\\z"
win32 join "\\\\srv\\share" "" -> "\\\\srv\\share\\"
win32 join "\\\\srv\\share\\d" "x" -> "\\\\srv\\share\\d\\x"
win32 join "\\\\srv\\share\\d" ".." -> "\\\\srv\\share\\"
win32 join "\\\\srv\\share\\d" "/y" -> "\\\\srv\\share\\d\\y"
win32 join "\\\\srv\\share\\d" "C:\\z" -> "\\\\srv\\share\\d\\C:\\z"
win32 join "\\\\srv\\share\\d" "" -> "\\\\srv\\share\\d"
win32 join "/usr/local" "x" -> "\\usr\\local\\x"
win32 join "/usr/local" ".." -> "\\usr"
win32 join "/usr/local" "/y" -> "\\usr\\local\\y"
win32 join "/usr/local" "C:\\z" -> "\\usr\\local\\C:\\z"
win32 join "/usr/local" "" -> "\\usr\\local"
win32 join "usr" "x" -> "usr\\x"
win32 join "usr" ".." -> "."
win32 join "usr" "/y" -> "usr\\y"
win32 join "usr" "C:\\z" -> ".\\usr\\C:\\z"
win32 join "usr" "" -> "usr"
win32 join "a/b" "x" -> "a\\b\\x"
win32 join "a/b" ".." -> "a"
win32 join "a/b" "/y" -> "a\\b\\y"
win32 join "a/b" "C:\\z" -> ".\\a\\b\\C:\\z"
win32 join "a/b" "" -> "a\\b"
win32 join "a\\b" "x" -> "a\\b\\x"
win32 join "a\\b" ".." -> "a"
win32 join "a\\b" "/y" -> "a\\b\\y"
win32 join "a\\b" "C:\\z" -> ".\\a\\b\\C:\\z"
win32 join "a\\b" "" -> "a\\b"
win32 join "a//b" "x" -> "a\\b\\x"
win32 join "a//b" ".." -> "a"
win32 join "a//b" "/y" -> "a\\b\\y"
win32 join "a//b" "C:\\z" -> ".\\a\\b\\C:\\z"
win32 join "a//b" "" -> "a\\b"
win32 join "a\\\\b" "x" -> "a\\b\\x"
win32 join "a\\\\b" ".." -> "a"
win32 join "a\\\\b" "/y" -> "a\\b\\y"
win32 join "a\\\\b" "C:\\z" -> ".\\a\\b\\C:\\z"
win32 join "a\\\\b" "" -> "a\\b"
win32 join "  " "x" -> "  \\x"
win32 join "  " ".." -> "."
win32 join "  " "/y" -> "  \\y"
win32 join "  " "C:\\z" -> ".\\  \\C:\\z"
win32 join "  " "" -> "  "
win32 join "a b" "x" -> "a b\\x"
win32 join "a b" ".." -> "."
win32 join "a b" "/y" -> "a b\\y"
win32 join "a b" "C:\\z" -> ".\\a b\\C:\\z"
win32 join "a b" "" -> "a b"
win32 join "./x" "x" -> "x\\x"
win32 join "./x" ".." -> "."
win32 join "./x" "/y" -> "x\\y"
win32 join "./x" "C:\\z" -> ".\\x\\C:\\z"
win32 join "./x" "" -> "x"
win32 join "../y" "x" -> "..\\y\\x"
win32 join "../y" ".." -> ".."
win32 join "../y" "/y" -> "..\\y\\y"
win32 join "../y" "C:\\z" -> ".\\..\\y\\C:\\z"
win32 join "../y" "" -> "..\\y"
win32 join "/a/../b" "x" -> "\\b\\x"
win32 join "/a/../b" ".." -> "\\"
win32 join "/a/../b" "/y" -> "\\b\\y"
win32 join "/a/../b" "C:\\z" -> "\\b\\C:\\z"
win32 join "/a/../b" "" -> "\\b"
win32 join "C:\\a\\..\\b" "x" -> "C:\\b\\x"
win32 join "C:\\a\\..\\b" ".." -> "C:\\"
win32 join "C:\\a\\..\\b" "/y" -> "C:\\b\\y"
win32 join "C:\\a\\..\\b" "C:\\z" -> "C:\\b\\C:\\z"
win32 join "C:\\a\\..\\b" "" -> "C:\\b"
win32 join "x/" "x" -> "x\\x"
win32 join "x/" ".." -> "."
win32 join "x/" "/y" -> "x\\y"
win32 join "x/" "C:\\z" -> ".\\x\\C:\\z"
win32 join "x/" "" -> "x\\"
win32 join "x\\" "x" -> "x\\x"
win32 join "x\\" ".." -> "."
win32 join "x\\" "/y" -> "x\\y"
win32 join "x\\" "C:\\z" -> ".\\x\\C:\\z"
win32 join "x\\" "" -> "x\\"
win32 relative "C:\\a\\b" "C:\\a\\b" -> ""
win32 relative "C:\\a\\b" "C:\\a" -> ".."
win32 relative "C:\\a\\b" "C:\\" -> "..\\.."
win32 relative "C:\\a\\b" "\\\\srv\\share\\a" -> "\\\\srv\\share\\a"
win32 relative "C:\\a\\b" "\\\\srv\\share\\b" -> "\\\\srv\\share\\b"
win32 relative "C:\\a\\b" "D:\\a" -> "D:\\a"
win32 relative "C:\\a" "C:\\a\\b" -> "b"
win32 relative "C:\\a" "C:\\a" -> ""
win32 relative "C:\\a" "C:\\" -> ".."
win32 relative "C:\\a" "\\\\srv\\share\\a" -> "\\\\srv\\share\\a"
win32 relative "C:\\a" "\\\\srv\\share\\b" -> "\\\\srv\\share\\b"
win32 relative "C:\\a" "D:\\a" -> "D:\\a"
win32 relative "C:\\" "C:\\a\\b" -> "a\\b"
win32 relative "C:\\" "C:\\a" -> "a"
win32 relative "C:\\" "C:\\" -> ""
win32 relative "C:\\" "\\\\srv\\share\\a" -> "\\\\srv\\share\\a"
win32 relative "C:\\" "\\\\srv\\share\\b" -> "\\\\srv\\share\\b"
win32 relative "C:\\" "D:\\a" -> "D:\\a"
win32 relative "\\\\srv\\share\\a" "C:\\a\\b" -> "C:\\a\\b"
win32 relative "\\\\srv\\share\\a" "C:\\a" -> "C:\\a"
win32 relative "\\\\srv\\share\\a" "C:\\" -> "C:\\"
win32 relative "\\\\srv\\share\\a" "\\\\srv\\share\\a" -> ""
win32 relative "\\\\srv\\share\\a" "\\\\srv\\share\\b" -> "..\\b"
win32 relative "\\\\srv\\share\\a" "D:\\a" -> "D:\\a"
win32 relative "\\\\srv\\share\\b" "C:\\a\\b" -> "C:\\a\\b"
win32 relative "\\\\srv\\share\\b" "C:\\a" -> "C:\\a"
win32 relative "\\\\srv\\share\\b" "C:\\" -> "C:\\"
win32 relative "\\\\srv\\share\\b" "\\\\srv\\share\\a" -> "..\\a"
win32 relative "\\\\srv\\share\\b" "\\\\srv\\share\\b" -> ""
win32 relative "\\\\srv\\share\\b" "D:\\a" -> "D:\\a"
win32 relative "D:\\a" "C:\\a\\b" -> "C:\\a\\b"
win32 relative "D:\\a" "C:\\a" -> "C:\\a"
win32 relative "D:\\a" "C:\\" -> "C:\\"
win32 relative "D:\\a" "\\\\srv\\share\\a" -> "\\\\srv\\share\\a"
win32 relative "D:\\a" "\\\\srv\\share\\b" -> "\\\\srv\\share\\b"
win32 relative "D:\\a" "D:\\a" -> ""
win32 sep "\\" delimiter ";"
cases: 445
